Component: ARM Compiler 5.06 update 7 (build 960) Tool: armlink [4d3601]

==============================================================================

Section Cross References

    main.o(.text) refers to bsp_key.o(.text) for Key_Init
    main.o(.text) refers to bsp_timer.o(.text) for TIM3_Init
    main.o(.text) refers to io_control.o(.text) for GPIO_cfg
    main.o(.text) refers to oled.o(.text) for OLED_Init
    main.o(.text) refers to delay.o(.text) for Delay_MS
    main.o(.text) refers to tle5012b.o(.text) for SPI5012B_Init
    main.o(.text) refers to init_program_tabl.o(.text) for Init_program_table
    main.o(.text) refers to modbus.o(.text) for USART1_Init
    main.o(.text) refers to tmc5160.o(.text) for TMC5160_IO_Init
    main.o(.text) refers to bsp_pid.o(.text) for PID_param_init
    main.o(.text) refers to protocol.o(.text) for protocol_init
    main.o(.text) refers to ffixi.o(.text) for __aeabi_f2iz
    main.o(.text) refers to main.o(.bss) for sys_param_1
    main.o(.text) refers to main.o(.data) for UART_addr
    main.o(.text) refers to bsp_pid.o(.bss) for pid
    stm32f10x_it.o(.text) refers to stm32f10x_tim.o(.text) for TIM_GetITStatus
    stm32f10x_it.o(.text) refers to bsp_key.o(.text) for Key_Scan
    stm32f10x_it.o(.text) refers to bsp_stepper_ctrl.o(.text) for Stepper_Speed_Ctrl
    bsp_led.o(.text) refers to stm32f10x_rcc.o(.text) for RCC_APB2PeriphClockCmd
    bsp_led.o(.text) refers to stm32f10x_gpio.o(.text) for GPIO_Init
    bsp_key.o(.text) refers to stm32f10x_gpio.o(.text) for GPIO_StructInit
    bsp_key.o(.text) refers to stm32f10x_rcc.o(.text) for RCC_APB2PeriphClockCmd
    bsp_key.o(.text) refers to fflti.o(.text) for __aeabi_i2f
    bsp_key.o(.text) refers to fadd.o(.text) for __aeabi_fadd
    bsp_key.o(.text) refers to bsp_key.o(.data) for g_Key
    bsp_key.o(.text) refers to main.o(.bss) for sys_param_1
    bsp_key.o(.text) refers to bsp_pid.o(.bss) for pid
    bsp_timer.o(.text) refers to stm32f10x_rcc.o(.text) for RCC_APB1PeriphClockCmd
    bsp_timer.o(.text) refers to stm32f10x_tim.o(.text) for TIM_TimeBaseInit
    bsp_timer.o(.text) refers to misc.o(.text) for NVIC_PriorityGroupConfig
    tmc5160.o(.text) refers to stm32f10x_rcc.o(.text) for RCC_APB2PeriphClockCmd
    tmc5160.o(.text) refers to stm32f10x_gpio.o(.text) for GPIO_Init
    tmc5160.o(.text) refers to stm32f10x_spi.o(.text) for SPI_Cmd
    tmc5160.o(.text) refers to tmc5160.o(.data) for STATUS
    tmc5160.o(.text) refers to main.o(.bss) for sys_param_1
    tmc5160.o(.text) refers to fflti.o(.text) for __aeabi_i2f
    tmc5160.o(.text) refers to ffltui.o(.text) for __aeabi_ui2f
    tmc5160.o(.text) refers to fdiv.o(.text) for __aeabi_fdiv
    tmc5160.o(.text) refers to fmul.o(.text) for __aeabi_fmul
    tmc5160.o(.text) refers to ffixui.o(.text) for __aeabi_f2uiz
    tmc5160.o(.text) refers to fadd.o(.text) for __aeabi_frsub
    tmc5160.o(.text) refers to ffixi.o(.text) for __aeabi_f2iz
    tmc5160.o(.text) refers to main.o(.data) for XTARGET
    tmc5160.o(.text) refers to delay.o(.text) for Delay_MS
    tmc5160.o(.text) refers to dfltui.o(.text) for __aeabi_ui2d
    tmc5160.o(.text) refers to ddiv.o(.text) for __aeabi_ddiv
    tmc5160.o(.text) refers to dfixi.o(.text) for __aeabi_d2iz
    init_program_tabl.o(.text) refers to main.o(.bss) for sys_param_1
    io_control.o(.text) refers to stm32f10x_rcc.o(.text) for RCC_APB2PeriphClockCmd
    io_control.o(.text) refers to stm32f10x_gpio.o(.text) for GPIO_StructInit
    oled.o(.text) refers to stm32f10x_gpio.o(.text) for GPIO_SetBits
    oled.o(.text) refers to oled.o(.constdata) for F8X16
    oled.o(.text) refers to stm32f10x_rcc.o(.text) for RCC_APB2PeriphClockCmd
    oled.o(.text) refers to delay.o(.text) for Delay_MS
    oled.o(.text) refers to oled.o(.data) for Hzk
    tle5012b.o(.text) refers to stm32f10x_rcc.o(.text) for RCC_APB1PeriphClockCmd
    tle5012b.o(.text) refers to stm32f10x_gpio.o(.text) for GPIO_Init
    tle5012b.o(.text) refers to stm32f10x_spi.o(.text) for SPI_Cmd
    tle5012b.o(.text) refers to delay.o(.text) for Delay_US
    tle5012b.o(.text) refers to ffltui.o(.text) for __aeabi_ui2f
    tle5012b.o(.text) refers to fmul.o(.text) for __aeabi_fmul
    tle5012b.o(.text) refers to fdiv.o(.text) for __aeabi_fdiv
    tle5012b.o(.text) refers to ffixui.o(.text) for __aeabi_f2uiz
    tle5012b.o(.text) refers to tle5012b.o(.data) for TLE5012B_Aangle
    modbus.o(.text) refers to stm32f10x_rcc.o(.text) for RCC_APB2PeriphClockCmd
    modbus.o(.text) refers to stm32f10x_gpio.o(.text) for GPIO_Init
    modbus.o(.text) refers to stm32f10x_usart.o(.text) for USART_StructInit
    modbus.o(.text) refers to misc.o(.text) for NVIC_Init
    modbus.o(.text) refers to modbus.o(.data) for sendPosi
    modbus.o(.text) refers to modbus.o(.bss) for sendBuf
    modbus.o(.text) refers to modbus.o(.constdata) for auchCRCHi
    modbus.o(.text) refers to main.o(.bss) for sys_param_1
    modbus.o(.text) refers to main.o(.data) for save_parm_bit
    modbus.o(.text) refers to protocol.o(.text) for protocol_data_recv
    bsp_pid.o(.text) refers to protocol.o(.text) for set_computer_value
    bsp_pid.o(.text) refers to fadd.o(.text) for __aeabi_fsub
    bsp_pid.o(.text) refers to fmul.o(.text) for __aeabi_fmul
    bsp_pid.o(.text) refers to bsp_pid.o(.bss) for pid
    system_stm32f10x.o(.text) refers to system_stm32f10x.o(.data) for SystemCoreClock
    stm32f10x_adc.o(.text) refers to stm32f10x_rcc.o(.text) for RCC_APB2PeriphResetCmd
    stm32f10x_bkp.o(.text) refers to stm32f10x_rcc.o(.text) for RCC_BackupResetCmd
    stm32f10x_can.o(.text) refers to stm32f10x_rcc.o(.text) for RCC_APB1PeriphResetCmd
    stm32f10x_cec.o(.text) refers to stm32f10x_rcc.o(.text) for RCC_APB1PeriphResetCmd
    stm32f10x_dac.o(.text) refers to stm32f10x_rcc.o(.text) for RCC_APB1PeriphResetCmd
    stm32f10x_gpio.o(.text) refers to stm32f10x_rcc.o(.text) for RCC_APB2PeriphResetCmd
    stm32f10x_i2c.o(.text) refers to stm32f10x_rcc.o(.text) for RCC_APB1PeriphResetCmd
    stm32f10x_pwr.o(.text) refers to stm32f10x_rcc.o(.text) for RCC_APB1PeriphResetCmd
    stm32f10x_rcc.o(.text) refers to stm32f10x_rcc.o(.data) for APBAHBPrescTable
    stm32f10x_spi.o(.text) refers to stm32f10x_rcc.o(.text) for RCC_APB2PeriphResetCmd
    stm32f10x_tim.o(.text) refers to stm32f10x_rcc.o(.text) for RCC_APB2PeriphResetCmd
    stm32f10x_usart.o(.text) refers to stm32f10x_rcc.o(.text) for RCC_APB2PeriphResetCmd
    stm32f10x_wwdg.o(.text) refers to stm32f10x_rcc.o(.text) for RCC_APB1PeriphResetCmd
    startup_stm32f10x_md.o(RESET) refers to startup_stm32f10x_md.o(STACK) for __initial_sp
    startup_stm32f10x_md.o(RESET) refers to startup_stm32f10x_md.o(.text) for Reset_Handler
    startup_stm32f10x_md.o(RESET) refers to stm32f10x_it.o(.text) for NMI_Handler
    startup_stm32f10x_md.o(RESET) refers to modbus.o(.text) for USART1_IRQHandler
    startup_stm32f10x_md.o(.text) refers to system_stm32f10x.o(.text) for SystemInit
    startup_stm32f10x_md.o(.text) refers to entry.o(.ARM.Collect$$$$00000000) for __main
    protocol.o(.text) refers to memcpya.o(.text) for __aeabi_memcpy
    protocol.o(.text) refers to stm32f10x_usart.o(.text) for USART_GetFlagStatus
    protocol.o(.text) refers to modbus.o(.text) for b485Send
    protocol.o(.text) refers to bsp_pid.o(.text) for set_p_i_d
    protocol.o(.text) refers to protocol.o(.bss) for parser
    protocol.o(.text) refers to fflti.o(.text) for __aeabi_i2f
    protocol.o(.text) refers to bsp_pid.o(.bss) for pid
    bsp_debug_usart.o(.text) refers to stm32f10x_usart.o(.text) for USART_SendData
    bsp_debug_usart.o(.text) refers to modbus.o(.text) for b485Send
    bsp_debug_usart.o(.text) refers to bsp_debug_usart.o(.data) for UART_RxPtr
    bsp_debug_usart.o(.text) refers to bsp_debug_usart.o(.bss) for UART_RxBuffer
    bsp_stepper_ctrl.o(.text) refers to tmc5160.o(.text) for TMC5160_SPIReadInt
    bsp_stepper_ctrl.o(.text) refers to fflti.o(.text) for __aeabi_i2f
    bsp_stepper_ctrl.o(.text) refers to fadd.o(.text) for __aeabi_frsub
    bsp_stepper_ctrl.o(.text) refers to ffixi.o(.text) for __aeabi_f2iz
    bsp_stepper_ctrl.o(.text) refers to bsp_pid.o(.text) for PID_realize
    bsp_stepper_ctrl.o(.text) refers to cfrcmple.o(.text) for __aeabi_cfrcmple
    bsp_stepper_ctrl.o(.text) refers to protocol.o(.text) for set_computer_value
    bsp_stepper_ctrl.o(.text) refers to bsp_stepper_ctrl.o(.data) for sys_status
    bsp_stepper_ctrl.o(.text) refers to main.o(.data) for encoder_step
    bsp_stepper_ctrl.o(.text) refers to bsp_pid.o(.bss) for pid
    entry.o(.ARM.Collect$$$$00000000) refers (Special) to entry10a.o(.ARM.Collect$$$$0000000F) for __rt_final_cpp
    entry.o(.ARM.Collect$$$$00000000) refers (Special) to entry11a.o(.ARM.Collect$$$$00000011) for __rt_final_exit
    entry.o(.ARM.Collect$$$$00000000) refers (Special) to entry12b.o(.ARM.Collect$$$$0000000E) for __rt_lib_shutdown_fini
    entry.o(.ARM.Collect$$$$00000000) refers (Special) to entry7b.o(.ARM.Collect$$$$00000008) for _main_clock
    entry.o(.ARM.Collect$$$$00000000) refers (Special) to entry8b.o(.ARM.Collect$$$$0000000A) for _main_cpp_init
    entry.o(.ARM.Collect$$$$00000000) refers (Special) to entry9a.o(.ARM.Collect$$$$0000000B) for _main_init
    entry.o(.ARM.Collect$$$$00000000) refers (Special) to entry5.o(.ARM.Collect$$$$00000004) for _main_scatterload
    entry.o(.ARM.Collect$$$$00000000) refers (Special) to entry2.o(.ARM.Collect$$$$00000001) for _main_stk
    fadd.o(.text) refers (Special) to iusefp.o(.text) for __I$use$fp
    fadd.o(.text) refers to fepilogue.o(.text) for _float_epilogue
    fmul.o(.text) refers (Special) to iusefp.o(.text) for __I$use$fp
    fdiv.o(.text) refers (Special) to iusefp.o(.text) for __I$use$fp
    fdiv.o(.text) refers to fepilogue.o(.text) for _float_round
    ddiv.o(.text) refers (Special) to iusefp.o(.text) for __I$use$fp
    ddiv.o(.text) refers to depilogue.o(.text) for _double_round
    fflti.o(.text) refers (Special) to iusefp.o(.text) for __I$use$fp
    fflti.o(.text) refers to fepilogue.o(.text) for _float_epilogue
    ffltui.o(.text) refers (Special) to iusefp.o(.text) for __I$use$fp
    ffltui.o(.text) refers to fepilogue.o(.text) for _float_epilogue
    dfltui.o(.text) refers (Special) to iusefp.o(.text) for __I$use$fp
    dfltui.o(.text) refers to depilogue.o(.text) for _double_epilogue
    ffixi.o(.text) refers (Special) to iusefp.o(.text) for __I$use$fp
    ffixui.o(.text) refers (Special) to iusefp.o(.text) for __I$use$fp
    dfixi.o(.text) refers (Special) to iusefp.o(.text) for __I$use$fp
    dfixi.o(.text) refers to llushr.o(.text) for __aeabi_llsr
    cfrcmple.o(.text) refers (Special) to iusefp.o(.text) for __I$use$fp
    entry2.o(.ARM.Collect$$$$00000001) refers to entry2.o(.ARM.Collect$$$$00002712) for __lit__00000000
    entry2.o(.ARM.Collect$$$$00002712) refers to startup_stm32f10x_md.o(STACK) for __initial_sp
    entry2.o(__vectab_stack_and_reset_area) refers to startup_stm32f10x_md.o(STACK) for __initial_sp
    entry2.o(__vectab_stack_and_reset_area) refers to entry.o(.ARM.Collect$$$$00000000) for __main
    entry5.o(.ARM.Collect$$$$00000004) refers to init.o(.text) for __scatterload
    entry9a.o(.ARM.Collect$$$$0000000B) refers to main.o(.text) for main
    entry9b.o(.ARM.Collect$$$$0000000C) refers to main.o(.text) for main
    depilogue.o(.text) refers to llshl.o(.text) for __aeabi_llsl
    depilogue.o(.text) refers to llushr.o(.text) for __aeabi_llsr
    init.o(.text) refers to entry5.o(.ARM.Collect$$$$00000004) for __main_after_scatterload


==============================================================================

Removing Unused input sections from the image.

    Removing bsp_led.o(.text), (96 bytes).
    Removing bsp_pid.o(.data), (8 bytes).
    Removing core_cm3.o(.emb_text), (32 bytes).
    Removing stm32f10x_adc.o(.text), (1102 bytes).
    Removing stm32f10x_bkp.o(.text), (196 bytes).
    Removing stm32f10x_can.o(.text), (2544 bytes).
    Removing stm32f10x_cec.o(.text), (288 bytes).
    Removing stm32f10x_crc.o(.text), (72 bytes).
    Removing stm32f10x_dac.o(.text), (396 bytes).
    Removing stm32f10x_dbgmcu.o(.text), (48 bytes).
    Removing stm32f10x_dma.o(.text), (596 bytes).
    Removing stm32f10x_exti.o(.text), (284 bytes).
    Removing stm32f10x_flash.o(.text), (1468 bytes).
    Removing stm32f10x_fsmc.o(.text), (1548 bytes).
    Removing stm32f10x_i2c.o(.text), (1028 bytes).
    Removing stm32f10x_iwdg.o(.text), (64 bytes).
    Removing stm32f10x_pwr.o(.text), (204 bytes).
    Removing stm32f10x_rtc.o(.text), (328 bytes).
    Removing stm32f10x_sdio.o(.text), (468 bytes).
    Removing stm32f10x_wwdg.o(.text), (136 bytes).
    Removing startup_stm32f10x_md.o(HEAP), (512 bytes).
    Removing bsp_debug_usart.o(.text), (120 bytes).
    Removing bsp_debug_usart.o(.bss), (256 bytes).
    Removing bsp_debug_usart.o(.data), (2 bytes).

24 unused section(s) (total 11796 bytes) removed from the image.

==============================================================================

Image Symbol Table

    Local Symbols

    Symbol Name                              Value     Ov Type        Size  Object(Section)

    ../clib/../cmprslib/zerorunl2.c          0x00000000   Number         0  __dczerorl2.o ABSOLUTE
    ../clib/microlib/init/entry.s            0x00000000   Number         0  entry11a.o ABSOLUTE
    ../clib/microlib/init/entry.s            0x00000000   Number         0  entry2.o ABSOLUTE
    ../clib/microlib/init/entry.s            0x00000000   Number         0  entry5.o ABSOLUTE
    ../clib/microlib/init/entry.s            0x00000000   Number         0  entry7a.o ABSOLUTE
    ../clib/microlib/init/entry.s            0x00000000   Number         0  entry7b.o ABSOLUTE
    ../clib/microlib/init/entry.s            0x00000000   Number         0  entry8a.o ABSOLUTE
    ../clib/microlib/init/entry.s            0x00000000   Number         0  entry8b.o ABSOLUTE
    ../clib/microlib/init/entry.s            0x00000000   Number         0  entry9a.o ABSOLUTE
    ../clib/microlib/init/entry.s            0x00000000   Number         0  entry9b.o ABSOLUTE
    ../clib/microlib/init/entry.s            0x00000000   Number         0  entry10a.o ABSOLUTE
    ../clib/microlib/init/entry.s            0x00000000   Number         0  entry10b.o ABSOLUTE
    ../clib/microlib/init/entry.s            0x00000000   Number         0  entry12b.o ABSOLUTE
    ../clib/microlib/init/entry.s            0x00000000   Number         0  entry11b.o ABSOLUTE
    ../clib/microlib/init/entry.s            0x00000000   Number         0  entry12a.o ABSOLUTE
    ../clib/microlib/init/entry.s            0x00000000   Number         0  entry.o ABSOLUTE
    ../clib/microlib/longlong.c              0x00000000   Number         0  llushr.o ABSOLUTE
    ../clib/microlib/longlong.c              0x00000000   Number         0  llshl.o ABSOLUTE
    ../clib/microlib/string/memcpy.c         0x00000000   Number         0  memcpya.o ABSOLUTE
    ../clib/microlib/string/memcpy.c         0x00000000   Number         0  memcpyb.o ABSOLUTE
    ../clib/microlib/stubs.s                 0x00000000   Number         0  iusefp.o ABSOLUTE
    ../fplib/microlib/fpadd.c                0x00000000   Number         0  fadd.o ABSOLUTE
    ../fplib/microlib/fpdiv.c                0x00000000   Number         0  ddiv.o ABSOLUTE
    ../fplib/microlib/fpdiv.c                0x00000000   Number         0  fdiv.o ABSOLUTE
    ../fplib/microlib/fpepilogue.c           0x00000000   Number         0  depilogue.o ABSOLUTE
    ../fplib/microlib/fpepilogue.c           0x00000000   Number         0  fepilogue.o ABSOLUTE
    ../fplib/microlib/fpfix.c                0x00000000   Number         0  ffixi.o ABSOLUTE
    ../fplib/microlib/fpfix.c                0x00000000   Number         0  ffixui.o ABSOLUTE
    ../fplib/microlib/fpfix.c                0x00000000   Number         0  dfixi.o ABSOLUTE
    ../fplib/microlib/fpflt.c                0x00000000   Number         0  fflti.o ABSOLUTE
    ../fplib/microlib/fpflt.c                0x00000000   Number         0  dfltui.o ABSOLUTE
    ../fplib/microlib/fpflt.c                0x00000000   Number         0  ffltui.o ABSOLUTE
    ../fplib/microlib/fpmul.c                0x00000000   Number         0  fmul.o ABSOLUTE
    ..\..\Hardware\Delay\Delay.c             0x00000000   Number         0  delay.o ABSOLUTE
    ..\..\Hardware\IO_control\IO_control.c   0x00000000   Number         0  io_control.o ABSOLUTE
    ..\..\Hardware\KEY\bsp_key.c             0x00000000   Number         0  bsp_key.o ABSOLUTE
    ..\..\Hardware\MODBUS\modbus.c           0x00000000   Number         0  modbus.o ABSOLUTE
    ..\..\Hardware\OLED\oled.c               0x00000000   Number         0  oled.o ABSOLUTE
    ..\..\Hardware\TIMER\bsp_timer.c         0x00000000   Number         0  bsp_timer.o ABSOLUTE
    ..\..\Hardware\TLE5012B\TLE5012B.C       0x00000000   Number         0  tle5012b.o ABSOLUTE
    ..\..\Hardware\TMC5160\Init_Program_Tabl.c 0x00000000   Number         0  init_program_tabl.o ABSOLUTE
    ..\..\Hardware\TMC5160\TMC5160.C         0x00000000   Number         0  tmc5160.o ABSOLUTE
    ..\..\Hardware\pid\bsp_pid.c             0x00000000   Number         0  bsp_pid.o ABSOLUTE
    ..\..\Libraries\CMSIS\core_cm3.c         0x00000000   Number         0  core_cm3.o ABSOLUTE
    ..\..\Libraries\CMSIS\startup\startup_stm32f10x_md.s 0x00000000   Number         0  startup_stm32f10x_md.o ABSOLUTE
    ..\..\Libraries\CMSIS\system_stm32f10x.c 0x00000000   Number         0  system_stm32f10x.o ABSOLUTE
    ..\..\Libraries\FWlib\src\misc.c         0x00000000   Number         0  misc.o ABSOLUTE
    ..\..\Libraries\FWlib\src\stm32f10x_adc.c 0x00000000   Number         0  stm32f10x_adc.o ABSOLUTE
    ..\..\Libraries\FWlib\src\stm32f10x_bkp.c 0x00000000   Number         0  stm32f10x_bkp.o ABSOLUTE
    ..\..\Libraries\FWlib\src\stm32f10x_can.c 0x00000000   Number         0  stm32f10x_can.o ABSOLUTE
    ..\..\Libraries\FWlib\src\stm32f10x_cec.c 0x00000000   Number         0  stm32f10x_cec.o ABSOLUTE
    ..\..\Libraries\FWlib\src\stm32f10x_crc.c 0x00000000   Number         0  stm32f10x_crc.o ABSOLUTE
    ..\..\Libraries\FWlib\src\stm32f10x_dac.c 0x00000000   Number         0  stm32f10x_dac.o ABSOLUTE
    ..\..\Libraries\FWlib\src\stm32f10x_dbgmcu.c 0x00000000   Number         0  stm32f10x_dbgmcu.o ABSOLUTE
    ..\..\Libraries\FWlib\src\stm32f10x_dma.c 0x00000000   Number         0  stm32f10x_dma.o ABSOLUTE
    ..\..\Libraries\FWlib\src\stm32f10x_exti.c 0x00000000   Number         0  stm32f10x_exti.o ABSOLUTE
    ..\..\Libraries\FWlib\src\stm32f10x_flash.c 0x00000000   Number         0  stm32f10x_flash.o ABSOLUTE
    ..\..\Libraries\FWlib\src\stm32f10x_fsmc.c 0x00000000   Number         0  stm32f10x_fsmc.o ABSOLUTE
    ..\..\Libraries\FWlib\src\stm32f10x_gpio.c 0x00000000   Number         0  stm32f10x_gpio.o ABSOLUTE
    ..\..\Libraries\FWlib\src\stm32f10x_i2c.c 0x00000000   Number         0  stm32f10x_i2c.o ABSOLUTE
    ..\..\Libraries\FWlib\src\stm32f10x_iwdg.c 0x00000000   Number         0  stm32f10x_iwdg.o ABSOLUTE
    ..\..\Libraries\FWlib\src\stm32f10x_pwr.c 0x00000000   Number         0  stm32f10x_pwr.o ABSOLUTE
    ..\..\Libraries\FWlib\src\stm32f10x_rcc.c 0x00000000   Number         0  stm32f10x_rcc.o ABSOLUTE
    ..\..\Libraries\FWlib\src\stm32f10x_rtc.c 0x00000000   Number         0  stm32f10x_rtc.o ABSOLUTE
    ..\..\Libraries\FWlib\src\stm32f10x_sdio.c 0x00000000   Number         0  stm32f10x_sdio.o ABSOLUTE
    ..\..\Libraries\FWlib\src\stm32f10x_spi.c 0x00000000   Number         0  stm32f10x_spi.o ABSOLUTE
    ..\..\Libraries\FWlib\src\stm32f10x_tim.c 0x00000000   Number         0  stm32f10x_tim.o ABSOLUTE
    ..\..\Libraries\FWlib\src\stm32f10x_usart.c 0x00000000   Number         0  stm32f10x_usart.o ABSOLUTE
    ..\..\Libraries\FWlib\src\stm32f10x_wwdg.c 0x00000000   Number         0  stm32f10x_wwdg.o ABSOLUTE
    ..\..\Test\protocol\protocol.c           0x00000000   Number         0  protocol.o ABSOLUTE
    ..\..\Test\stepper\bsp_stepper_ctrl.c    0x00000000   Number         0  bsp_stepper_ctrl.o ABSOLUTE
    ..\..\Test\usart\bsp_debug_usart.c       0x00000000   Number         0  bsp_debug_usart.o ABSOLUTE
    ..\..\User\Led\bsp_led.c                 0x00000000   Number         0  bsp_led.o ABSOLUTE
    ..\..\User\main.c                        0x00000000   Number         0  main.o ABSOLUTE
    ..\..\User\stm32f10x_it.c                0x00000000   Number         0  stm32f10x_it.o ABSOLUTE
    ..\\..\\Libraries\\CMSIS\\core_cm3.c     0x00000000   Number         0  core_cm3.o ABSOLUTE
    cfrcmple.s                               0x00000000   Number         0  cfrcmple.o ABSOLUTE
    dc.s                                     0x00000000   Number         0  dc.o ABSOLUTE
    handlers.s                               0x00000000   Number         0  handlers.o ABSOLUTE
    init.s                                   0x00000000   Number         0  init.o ABSOLUTE
    RESET                                    0x08000000   Section      236  startup_stm32f10x_md.o(RESET)
    .ARM.Collect$$$$00000000                 0x080000ec   Section        0  entry.o(.ARM.Collect$$$$00000000)
    .ARM.Collect$$$$00000001                 0x080000ec   Section        4  entry2.o(.ARM.Collect$$$$00000001)
    .ARM.Collect$$$$00000004                 0x080000f0   Section        4  entry5.o(.ARM.Collect$$$$00000004)
    .ARM.Collect$$$$00000008                 0x080000f4   Section        0  entry7b.o(.ARM.Collect$$$$00000008)
    .ARM.Collect$$$$0000000A                 0x080000f4   Section        0  entry8b.o(.ARM.Collect$$$$0000000A)
    .ARM.Collect$$$$0000000B                 0x080000f4   Section        8  entry9a.o(.ARM.Collect$$$$0000000B)
    .ARM.Collect$$$$0000000E                 0x080000fc   Section        4  entry12b.o(.ARM.Collect$$$$0000000E)
    .ARM.Collect$$$$0000000F                 0x08000100   Section        0  entry10a.o(.ARM.Collect$$$$0000000F)
    .ARM.Collect$$$$00000011                 0x08000100   Section        0  entry11a.o(.ARM.Collect$$$$00000011)
    .ARM.Collect$$$$00002712                 0x08000100   Section        4  entry2.o(.ARM.Collect$$$$00002712)
    __lit__00000000                          0x08000100   Data           4  entry2.o(.ARM.Collect$$$$00002712)
    .text                                    0x08000104   Section        0  main.o(.text)
    .text                                    0x0800022c   Section        0  stm32f10x_it.o(.text)
    .text                                    0x08000284   Section        0  bsp_key.o(.text)
    .text                                    0x0800051c   Section        0  bsp_timer.o(.text)
    .text                                    0x080005fc   Section        0  tmc5160.o(.text)
    .text                                    0x08001084   Section        0  init_program_tabl.o(.text)
    .text                                    0x08001194   Section        0  io_control.o(.text)
    .text                                    0x0800151c   Section        0  oled.o(.text)
    .text                                    0x08001b08   Section        0  delay.o(.text)
    .text                                    0x08001b68   Section        0  tle5012b.o(.text)
    .text                                    0x08001e78   Section        0  modbus.o(.text)
    .text                                    0x080024d4   Section        0  bsp_pid.o(.text)
    .text                                    0x080025cc   Section        0  system_stm32f10x.o(.text)
    SetSysClockTo72                          0x080025cd   Thumb Code   214  system_stm32f10x.o(.text)
    SetSysClock                              0x080026a3   Thumb Code     8  system_stm32f10x.o(.text)
    .text                                    0x080027ac   Section        0  misc.o(.text)
    .text                                    0x08002888   Section        0  stm32f10x_gpio.o(.text)
    .text                                    0x08002be4   Section        0  stm32f10x_rcc.o(.text)
    .text                                    0x08002f88   Section        0  stm32f10x_spi.o(.text)
    .text                                    0x08003294   Section        0  stm32f10x_tim.o(.text)
    TI4_Config                               0x0800373b   Thumb Code   130  stm32f10x_tim.o(.text)
    TI3_Config                               0x080037cf   Thumb Code   122  stm32f10x_tim.o(.text)
    TI2_Config                               0x08003863   Thumb Code   130  stm32f10x_tim.o(.text)
    TI1_Config                               0x080038f7   Thumb Code   108  stm32f10x_tim.o(.text)
    .text                                    0x080040b0   Section        0  stm32f10x_usart.o(.text)
    .text                                    0x080044b8   Section       36  startup_stm32f10x_md.o(.text)
    .text                                    0x080044dc   Section        0  protocol.o(.text)
    get_frame_type                           0x080044f9   Thumb Code    14  protocol.o(.text)
    get_frame_len                            0x08004507   Thumb Code    52  protocol.o(.text)
    get_frame_checksum                       0x0800453b   Thumb Code    26  protocol.o(.text)
    recvbuf_find_header                      0x08004555   Thumb Code   112  protocol.o(.text)
    recvbuf_get_len_to_parse                 0x080045c5   Thumb Code    34  protocol.o(.text)
    recvbuf_put_data                         0x080045e7   Thumb Code    70  protocol.o(.text)
    protocol_frame_parse                     0x0800462d   Thumb Code   442  protocol.o(.text)
    .text                                    0x08004a38   Section        0  bsp_stepper_ctrl.o(.text)
    .text                                    0x08004b9c   Section        0  memcpya.o(.text)
    .text                                    0x08004bc0   Section        0  fadd.o(.text)
    .text                                    0x08004c70   Section        0  fmul.o(.text)
    .text                                    0x08004cd4   Section        0  fdiv.o(.text)
    .text                                    0x08004d50   Section        0  ddiv.o(.text)
    .text                                    0x08004e2e   Section        0  fflti.o(.text)
    .text                                    0x08004e40   Section        0  ffltui.o(.text)
    .text                                    0x08004e4a   Section        0  dfltui.o(.text)
    .text                                    0x08004e64   Section        0  ffixi.o(.text)
    .text                                    0x08004e96   Section        0  ffixui.o(.text)
    .text                                    0x08004ebe   Section        0  dfixi.o(.text)
    .text                                    0x08004efc   Section       20  cfrcmple.o(.text)
    .text                                    0x08004f10   Section        0  llushr.o(.text)
    .text                                    0x08004f30   Section        0  fepilogue.o(.text)
    .text                                    0x08004f30   Section        0  iusefp.o(.text)
    .text                                    0x08004f9e   Section        0  depilogue.o(.text)
    .text                                    0x08005058   Section       36  init.o(.text)
    .text                                    0x0800507c   Section        0  llshl.o(.text)
    .text                                    0x0800509a   Section        0  __dczerorl2.o(.text)
    i.__scatterload_copy                     0x080050f0   Section       14  handlers.o(i.__scatterload_copy)
    i.__scatterload_null                     0x080050fe   Section        2  handlers.o(i.__scatterload_null)
    i.__scatterload_zeroinit                 0x08005100   Section       14  handlers.o(i.__scatterload_zeroinit)
    .constdata                               0x0800510e   Section     2072  oled.o(.constdata)
    .constdata                               0x08005926   Section      512  modbus.o(.constdata)
    .data                                    0x20000000   Section       32  main.o(.data)
    .data                                    0x20000020   Section        8  bsp_key.o(.data)
    TimeCnt                                  0x20000023   Data           1  bsp_key.o(.data)
    lock                                     0x20000024   Data           1  bsp_key.o(.data)
    key1                                     0x20000025   Data           1  bsp_key.o(.data)
    key2                                     0x20000026   Data           1  bsp_key.o(.data)
    key3                                     0x20000027   Data           1  bsp_key.o(.data)
    .data                                    0x20000028   Section       48  tmc5160.o(.data)
    leat_AMAX                                0x2000003c   Data           4  tmc5160.o(.data)
    leat_VMAX                                0x20000040   Data           4  tmc5160.o(.data)
    leat_DMAX                                0x20000044   Data           4  tmc5160.o(.data)
    leat_sys_param26                         0x20000048   Data           4  tmc5160.o(.data)
    leat_sys_param27                         0x2000004c   Data           4  tmc5160.o(.data)
    leat_XTARGET                             0x20000050   Data           4  tmc5160.o(.data)
    f                                        0x20000054   Data           4  tmc5160.o(.data)
    .data                                    0x20000058   Section      896  oled.o(.data)
    .data                                    0x200003d8   Section       16  tle5012b.o(.data)
    n                                        0x200003e0   Data           2  tle5012b.o(.data)
    last_value                               0x200003e4   Data           4  tle5012b.o(.data)
    .data                                    0x200003e8   Section       25  modbus.o(.data)
    .data                                    0x20000404   Section       20  system_stm32f10x.o(.data)
    .data                                    0x20000418   Section       20  stm32f10x_rcc.o(.data)
    APBAHBPrescTable                         0x20000418   Data          16  stm32f10x_rcc.o(.data)
    ADCPrescTable                            0x20000428   Data           4  stm32f10x_rcc.o(.data)
    .data                                    0x2000042c   Section       14  bsp_stepper_ctrl.o(.data)
    last_count                               0x20000430   Data           4  bsp_stepper_ctrl.o(.data)
    cont_val                                 0x20000434   Data           4  bsp_stepper_ctrl.o(.data)
    target_err                               0x20000438   Data           2  bsp_stepper_ctrl.o(.data)
    .bss                                     0x2000043c   Section      276  main.o(.bss)
    .bss                                     0x20000550   Section      544  modbus.o(.bss)
    .bss                                     0x20000770   Section       32  bsp_pid.o(.bss)
    .bss                                     0x20000790   Section      150  protocol.o(.bss)
    parser                                   0x20000790   Data          12  protocol.o(.bss)
    recv_buf                                 0x2000079c   Data         128  protocol.o(.bss)
    set_packet                               0x2000081c   Data          10  protocol.o(.bss)
    STACK                                    0x20000828   Section     1024  startup_stm32f10x_md.o(STACK)

    Global Symbols

    Symbol Name                              Value     Ov Type        Size  Object(Section)

    BuildAttributes$$THM_ISAv4$P$D$K$B$S$PE$A:L22UL41UL21$X:L11$S22US41US21$IEEE1$IW$USESV6$~STKCKD$USESV7$~SHL$OTIME$ROPI$EBA8$MICROLIB$REQ8$PRES8$EABIv2 0x00000000   Number         0  anon$$obj.o ABSOLUTE
    __ARM_use_no_argv                        0x00000000   Number         0  main.o ABSOLUTE
    __arm_fini_                               - Undefined Weak Reference
    __cpp_initialize__aeabi_                  - Undefined Weak Reference
    __cxa_finalize                            - Undefined Weak Reference
    _clock_init                               - Undefined Weak Reference
    _microlib_exit                            - Undefined Weak Reference
    __Vectors_Size                           0x000000ec   Number         0  startup_stm32f10x_md.o ABSOLUTE
    __Vectors                                0x08000000   Data           4  startup_stm32f10x_md.o(RESET)
    __Vectors_End                            0x080000ec   Data           0  startup_stm32f10x_md.o(RESET)
    __main                                   0x080000ed   Thumb Code     0  entry.o(.ARM.Collect$$$$00000000)
    _main_stk                                0x080000ed   Thumb Code     0  entry2.o(.ARM.Collect$$$$00000001)
    _main_scatterload                        0x080000f1   Thumb Code     0  entry5.o(.ARM.Collect$$$$00000004)
    __main_after_scatterload                 0x080000f5   Thumb Code     0  entry5.o(.ARM.Collect$$$$00000004)
    _main_clock                              0x080000f5   Thumb Code     0  entry7b.o(.ARM.Collect$$$$00000008)
    _main_cpp_init                           0x080000f5   Thumb Code     0  entry8b.o(.ARM.Collect$$$$0000000A)
    _main_init                               0x080000f5   Thumb Code     0  entry9a.o(.ARM.Collect$$$$0000000B)
    __rt_lib_shutdown_fini                   0x080000fd   Thumb Code     0  entry12b.o(.ARM.Collect$$$$0000000E)
    __rt_final_cpp                           0x08000101   Thumb Code     0  entry10a.o(.ARM.Collect$$$$0000000F)
    __rt_final_exit                          0x08000101   Thumb Code     0  entry11a.o(.ARM.Collect$$$$00000011)
    main                                     0x08000105   Thumb Code   256  main.o(.text)
    NMI_Handler                              0x0800022d   Thumb Code     2  stm32f10x_it.o(.text)
    HardFault_Handler                        0x0800022f   Thumb Code     4  stm32f10x_it.o(.text)
    MemManage_Handler                        0x08000233   Thumb Code     4  stm32f10x_it.o(.text)
    BusFault_Handler                         0x08000237   Thumb Code     4  stm32f10x_it.o(.text)
    UsageFault_Handler                       0x0800023b   Thumb Code     4  stm32f10x_it.o(.text)
    SVC_Handler                              0x0800023f   Thumb Code     2  stm32f10x_it.o(.text)
    DebugMon_Handler                         0x08000241   Thumb Code     2  stm32f10x_it.o(.text)
    PendSV_Handler                           0x08000243   Thumb Code     2  stm32f10x_it.o(.text)
    SysTick_Handler                          0x08000245   Thumb Code     2  stm32f10x_it.o(.text)
    TIM3_IRQHandler                          0x08000247   Thumb Code    28  stm32f10x_it.o(.text)
    TIM2_IRQHandler                          0x08000263   Thumb Code    28  stm32f10x_it.o(.text)
    Key_Init                                 0x08000285   Thumb Code   142  bsp_key.o(.text)
    Key_State                                0x08000313   Thumb Code   198  bsp_key.o(.text)
    Key_Scan                                 0x080003d9   Thumb Code   288  bsp_key.o(.text)
    TIM2_Init                                0x0800051d   Thumb Code    78  bsp_timer.o(.text)
    TIM3_Init                                0x0800056b   Thumb Code    76  bsp_timer.o(.text)
    NVIC_cfg                                 0x080005b7   Thumb Code    66  bsp_timer.o(.text)
    TMC5160_IO_Init                          0x080005fd   Thumb Code   214  tmc5160.o(.text)
    tmc5160_SPI2_ReadWriteByte               0x080006d3   Thumb Code    72  tmc5160.o(.text)
    TMC5160_SPIWriteInt                      0x0800071b   Thumb Code   136  tmc5160.o(.text)
    TMC5160_SPIReadInt                       0x080007a3   Thumb Code   164  tmc5160.o(.text)
    TMC5160_Regest_Init                      0x08000847   Thumb Code   392  tmc5160.o(.text)
    TMC5160_current_set                      0x080009cf   Thumb Code   134  tmc5160.o(.text)
    TMC5160_xi_fen_set                       0x08000a55   Thumb Code   136  tmc5160.o(.text)
    TMC5160_JiaSu_Set                        0x08000add   Thumb Code    66  tmc5160.o(.text)
    TMC5160_ENCMODE_Set                      0x08000b1f   Thumb Code   480  tmc5160.o(.text)
    TMC5160_XTARGET_Set                      0x08000cff   Thumb Code   174  tmc5160.o(.text)
    TMC5160_DRV_STATUS_Return                0x08000dad   Thumb Code    58  tmc5160.o(.text)
    TMC5160_Regest_Init_Test                 0x08000de7   Thumb Code   238  tmc5160.o(.text)
    Move                                     0x08000ed5   Thumb Code    92  tmc5160.o(.text)
    mmymian                                  0x08000f31   Thumb Code   212  tmc5160.o(.text)
    zero_target                              0x08001005   Thumb Code    90  tmc5160.o(.text)
    Init_program_table                       0x08001085   Thumb Code   268  init_program_tabl.o(.text)
    GPIO_cfg                                 0x08001195   Thumb Code   886  io_control.o(.text)
    IIC_Start                                0x0800151d   Thumb Code    44  oled.o(.text)
    IIC_Stop                                 0x08001549   Thumb Code    34  oled.o(.text)
    IIC_Wait_Ack                             0x0800156b   Thumb Code    24  oled.o(.text)
    Write_IIC_Byte                           0x08001583   Thumb Code    88  oled.o(.text)
    Write_IIC_Command                        0x080015db   Thumb Code    44  oled.o(.text)
    Write_IIC_Data                           0x08001607   Thumb Code    44  oled.o(.text)
    OLED_WR_Byte                             0x08001633   Thumb Code    24  oled.o(.text)
    fill_picture                             0x0800164b   Thumb Code    64  oled.o(.text)
    Delay_50ms                               0x0800168b   Thumb Code    22  oled.o(.text)
    Delay_1ms                                0x080016a1   Thumb Code    26  oled.o(.text)
    OLED_Set_Pos                             0x080016bb   Thumb Code    40  oled.o(.text)
    OLED_Display_On                          0x080016e3   Thumb Code    28  oled.o(.text)
    OLED_Display_Off                         0x080016ff   Thumb Code    28  oled.o(.text)
    OLED_Clear                               0x0800171b   Thumb Code    62  oled.o(.text)
    OLED_On                                  0x08001759   Thumb Code    62  oled.o(.text)
    OLED_ShowChar                            0x08001797   Thumb Code   154  oled.o(.text)
    oled_pow                                 0x08001831   Thumb Code    22  oled.o(.text)
    OLED_ShowNum                             0x08001847   Thumb Code   136  oled.o(.text)
    OLED_ShowString                          0x080018cf   Thumb Code    70  oled.o(.text)
    OLED_ShowCHinese                         0x08001915   Thumb Code    98  oled.o(.text)
    OLED_DrawBMP                             0x08001977   Thumb Code   118  oled.o(.text)
    OLED_Init                                0x080019ed   Thumb Code   274  oled.o(.text)
    Delay_US                                 0x08001b09   Thumb Code    46  delay.o(.text)
    Delay_MS                                 0x08001b37   Thumb Code    24  delay.o(.text)
    Delay_S                                  0x08001b4f   Thumb Code    24  delay.o(.text)
    SPI5012B_Init                            0x08001b69   Thumb Code   236  tle5012b.o(.text)
    SPIx_ReadWriteByte                       0x08001c55   Thumb Code    80  tle5012b.o(.text)
    ReadValue                                0x08001ca5   Thumb Code   102  tle5012b.o(.text)
    ReadSpeed                                0x08001d0b   Thumb Code    74  tle5012b.o(.text)
    WriteValue                               0x08001d55   Thumb Code   110  tle5012b.o(.text)
    ReadAngle                                0x08001dc3   Thumb Code    84  tle5012b.o(.text)
    TLE5012B_Regest_Init                     0x08001e17   Thumb Code    76  tle5012b.o(.text)
    USART1_Init                              0x08001e79   Thumb Code   198  modbus.o(.text)
    b485Send                                 0x08001f3f   Thumb Code    30  modbus.o(.text)
    beginSend                                0x08001f5d   Thumb Code    30  modbus.o(.text)
    crc16                                    0x08001f7b   Thumb Code    48  modbus.o(.text)
    readCoil                                 0x08001fab   Thumb Code     2  modbus.o(.text)
    getRegisterVal                           0x08001fad   Thumb Code    28  modbus.o(.text)
    readRegisters                            0x08001fc9   Thumb Code   172  modbus.o(.text)
    forceSingleCoil                          0x08002075   Thumb Code     2  modbus.o(.text)
    setRegisterVal                           0x08002077   Thumb Code    58  modbus.o(.text)
    presetSingleRegister                     0x080020b1   Thumb Code   136  modbus.o(.text)
    presetMultipleRegisters                  0x08002139   Thumb Code   154  modbus.o(.text)
    checkComm0Modbus                         0x080021d3   Thumb Code   434  modbus.o(.text)
    getCoilVal                               0x08002385   Thumb Code    80  modbus.o(.text)
    setCoilVal                               0x080023d5   Thumb Code    62  modbus.o(.text)
    USART1_IRQHandler                        0x08002413   Thumb Code   170  modbus.o(.text)
    PID_param_init                           0x080024d5   Thumb Code    70  bsp_pid.o(.text)
    set_pid_actual                           0x0800251b   Thumb Code     6  bsp_pid.o(.text)
    get_pid_actual                           0x08002521   Thumb Code     6  bsp_pid.o(.text)
    set_p_i_d                                0x08002527   Thumb Code    10  bsp_pid.o(.text)
    PID_realize                              0x08002531   Thumb Code   146  bsp_pid.o(.text)
    SystemInit                               0x080026ab   Thumb Code    78  system_stm32f10x.o(.text)
    SystemCoreClockUpdate                    0x080026f9   Thumb Code   142  system_stm32f10x.o(.text)
    NVIC_PriorityGroupConfig                 0x080027ad   Thumb Code    10  misc.o(.text)
    NVIC_Init                                0x080027b7   Thumb Code   100  misc.o(.text)
    NVIC_SetVectorTable                      0x0800281b   Thumb Code    14  misc.o(.text)
    NVIC_SystemLPConfig                      0x08002829   Thumb Code    34  misc.o(.text)
    SysTick_CLKSourceConfig                  0x0800284b   Thumb Code    40  misc.o(.text)
    GPIO_DeInit                              0x08002889   Thumb Code   172  stm32f10x_gpio.o(.text)
    GPIO_AFIODeInit                          0x08002935   Thumb Code    20  stm32f10x_gpio.o(.text)
    GPIO_Init                                0x08002949   Thumb Code   278  stm32f10x_gpio.o(.text)
    GPIO_StructInit                          0x08002a5f   Thumb Code    16  stm32f10x_gpio.o(.text)
    GPIO_ReadInputDataBit                    0x08002a6f   Thumb Code    18  stm32f10x_gpio.o(.text)
    GPIO_ReadInputData                       0x08002a81   Thumb Code     8  stm32f10x_gpio.o(.text)
    GPIO_ReadOutputDataBit                   0x08002a89   Thumb Code    18  stm32f10x_gpio.o(.text)
    GPIO_ReadOutputData                      0x08002a9b   Thumb Code     8  stm32f10x_gpio.o(.text)
    GPIO_SetBits                             0x08002aa3   Thumb Code     4  stm32f10x_gpio.o(.text)
    GPIO_ResetBits                           0x08002aa7   Thumb Code     4  stm32f10x_gpio.o(.text)
    GPIO_WriteBit                            0x08002aab   Thumb Code    10  stm32f10x_gpio.o(.text)
    GPIO_Write                               0x08002ab5   Thumb Code     4  stm32f10x_gpio.o(.text)
    GPIO_PinLockConfig                       0x08002ab9   Thumb Code    18  stm32f10x_gpio.o(.text)
    GPIO_EventOutputConfig                   0x08002acb   Thumb Code    26  stm32f10x_gpio.o(.text)
    GPIO_EventOutputCmd                      0x08002ae5   Thumb Code     6  stm32f10x_gpio.o(.text)
    GPIO_PinRemapConfig                      0x08002aeb   Thumb Code   138  stm32f10x_gpio.o(.text)
    GPIO_EXTILineConfig                      0x08002b75   Thumb Code    66  stm32f10x_gpio.o(.text)
    GPIO_ETH_MediaInterfaceConfig            0x08002bb7   Thumb Code     8  stm32f10x_gpio.o(.text)
    RCC_DeInit                               0x08002be5   Thumb Code    64  stm32f10x_rcc.o(.text)
    RCC_HSEConfig                            0x08002c25   Thumb Code    70  stm32f10x_rcc.o(.text)
    RCC_GetFlagStatus                        0x08002c6b   Thumb Code    56  stm32f10x_rcc.o(.text)
    RCC_WaitForHSEStartUp                    0x08002ca3   Thumb Code    56  stm32f10x_rcc.o(.text)
    RCC_AdjustHSICalibrationValue            0x08002cdb   Thumb Code    20  stm32f10x_rcc.o(.text)
    RCC_HSICmd                               0x08002cef   Thumb Code     6  stm32f10x_rcc.o(.text)
    RCC_PLLConfig                            0x08002cf5   Thumb Code    24  stm32f10x_rcc.o(.text)
    RCC_PLLCmd                               0x08002d0d   Thumb Code     6  stm32f10x_rcc.o(.text)
    RCC_SYSCLKConfig                         0x08002d13   Thumb Code    18  stm32f10x_rcc.o(.text)
    RCC_GetSYSCLKSource                      0x08002d25   Thumb Code    10  stm32f10x_rcc.o(.text)
    RCC_HCLKConfig                           0x08002d2f   Thumb Code    18  stm32f10x_rcc.o(.text)
    RCC_PCLK1Config                          0x08002d41   Thumb Code    18  stm32f10x_rcc.o(.text)
    RCC_PCLK2Config                          0x08002d53   Thumb Code    20  stm32f10x_rcc.o(.text)
    RCC_ITConfig                             0x08002d67   Thumb Code    26  stm32f10x_rcc.o(.text)
    RCC_USBCLKConfig                         0x08002d81   Thumb Code     8  stm32f10x_rcc.o(.text)
    RCC_ADCCLKConfig                         0x08002d89   Thumb Code    18  stm32f10x_rcc.o(.text)
    RCC_LSEConfig                            0x08002d9b   Thumb Code    50  stm32f10x_rcc.o(.text)
    RCC_LSICmd                               0x08002dcd   Thumb Code     6  stm32f10x_rcc.o(.text)
    RCC_RTCCLKConfig                         0x08002dd3   Thumb Code    12  stm32f10x_rcc.o(.text)
    RCC_RTCCLKCmd                            0x08002ddf   Thumb Code     8  stm32f10x_rcc.o(.text)
    RCC_GetClocksFreq                        0x08002de7   Thumb Code   192  stm32f10x_rcc.o(.text)
    RCC_AHBPeriphClockCmd                    0x08002ea7   Thumb Code    26  stm32f10x_rcc.o(.text)
    RCC_APB2PeriphClockCmd                   0x08002ec1   Thumb Code    26  stm32f10x_rcc.o(.text)
    RCC_APB1PeriphClockCmd                   0x08002edb   Thumb Code    26  stm32f10x_rcc.o(.text)
    RCC_APB2PeriphResetCmd                   0x08002ef5   Thumb Code    26  stm32f10x_rcc.o(.text)
    RCC_APB1PeriphResetCmd                   0x08002f0f   Thumb Code    26  stm32f10x_rcc.o(.text)
    RCC_BackupResetCmd                       0x08002f29   Thumb Code     8  stm32f10x_rcc.o(.text)
    RCC_ClockSecuritySystemCmd               0x08002f31   Thumb Code     6  stm32f10x_rcc.o(.text)
    RCC_MCOConfig                            0x08002f37   Thumb Code     6  stm32f10x_rcc.o(.text)
    RCC_ClearFlag                            0x08002f3d   Thumb Code    14  stm32f10x_rcc.o(.text)
    RCC_GetITStatus                          0x08002f4b   Thumb Code    20  stm32f10x_rcc.o(.text)
    RCC_ClearITPendingBit                    0x08002f5f   Thumb Code     6  stm32f10x_rcc.o(.text)
    SPI_I2S_DeInit                           0x08002f89   Thumb Code    76  stm32f10x_spi.o(.text)
    SPI_Init                                 0x08002fd5   Thumb Code    60  stm32f10x_spi.o(.text)
    I2S_Init                                 0x08003011   Thumb Code   226  stm32f10x_spi.o(.text)
    SPI_StructInit                           0x080030f3   Thumb Code    24  stm32f10x_spi.o(.text)
    I2S_StructInit                           0x0800310b   Thumb Code    20  stm32f10x_spi.o(.text)
    SPI_Cmd                                  0x0800311f   Thumb Code    24  stm32f10x_spi.o(.text)
    I2S_Cmd                                  0x08003137   Thumb Code    24  stm32f10x_spi.o(.text)
    SPI_I2S_ITConfig                         0x0800314f   Thumb Code    32  stm32f10x_spi.o(.text)
    SPI_I2S_DMACmd                           0x0800316f   Thumb Code    18  stm32f10x_spi.o(.text)
    SPI_I2S_SendData                         0x08003181   Thumb Code     4  stm32f10x_spi.o(.text)
    SPI_I2S_ReceiveData                      0x08003185   Thumb Code     6  stm32f10x_spi.o(.text)
    SPI_NSSInternalSoftwareConfig            0x0800318b   Thumb Code    30  stm32f10x_spi.o(.text)
    SPI_SSOutputCmd                          0x080031a9   Thumb Code    24  stm32f10x_spi.o(.text)
    SPI_DataSizeConfig                       0x080031c1   Thumb Code    18  stm32f10x_spi.o(.text)
    SPI_TransmitCRC                          0x080031d3   Thumb Code    10  stm32f10x_spi.o(.text)
    SPI_CalculateCRC                         0x080031dd   Thumb Code    24  stm32f10x_spi.o(.text)
    SPI_GetCRC                               0x080031f5   Thumb Code    16  stm32f10x_spi.o(.text)
    SPI_GetCRCPolynomial                     0x08003205   Thumb Code     6  stm32f10x_spi.o(.text)
    SPI_BiDirectionalLineConfig              0x0800320b   Thumb Code    28  stm32f10x_spi.o(.text)
    SPI_I2S_GetFlagStatus                    0x08003227   Thumb Code    18  stm32f10x_spi.o(.text)
    SPI_I2S_ClearFlag                        0x08003239   Thumb Code     6  stm32f10x_spi.o(.text)
    SPI_I2S_GetITStatus                      0x0800323f   Thumb Code    52  stm32f10x_spi.o(.text)
    SPI_I2S_ClearITPendingBit                0x08003273   Thumb Code    20  stm32f10x_spi.o(.text)
    TIM_DeInit                               0x08003295   Thumb Code   424  stm32f10x_tim.o(.text)
    TIM_TimeBaseInit                         0x0800343d   Thumb Code   122  stm32f10x_tim.o(.text)
    TIM_OC1Init                              0x080034b7   Thumb Code   132  stm32f10x_tim.o(.text)
    TIM_OC2Init                              0x0800353b   Thumb Code   154  stm32f10x_tim.o(.text)
    TIM_OC3Init                              0x080035d5   Thumb Code   150  stm32f10x_tim.o(.text)
    TIM_OC4Init                              0x0800366b   Thumb Code   182  stm32f10x_tim.o(.text)
    TIM_SetIC4Prescaler                      0x08003721   Thumb Code    26  stm32f10x_tim.o(.text)
    TIM_SetIC3Prescaler                      0x080037bd   Thumb Code    18  stm32f10x_tim.o(.text)
    TIM_SetIC2Prescaler                      0x08003849   Thumb Code    26  stm32f10x_tim.o(.text)
    TIM_SetIC1Prescaler                      0x080038e5   Thumb Code    18  stm32f10x_tim.o(.text)
    TIM_ICInit                               0x08003963   Thumb Code   150  stm32f10x_tim.o(.text)
    TIM_PWMIConfig                           0x080039f9   Thumb Code   124  stm32f10x_tim.o(.text)
    TIM_BDTRConfig                           0x08003a75   Thumb Code    32  stm32f10x_tim.o(.text)
    TIM_TimeBaseStructInit                   0x08003a95   Thumb Code    18  stm32f10x_tim.o(.text)
    TIM_OCStructInit                         0x08003aa7   Thumb Code    20  stm32f10x_tim.o(.text)
    TIM_ICStructInit                         0x08003abb   Thumb Code    18  stm32f10x_tim.o(.text)
    TIM_BDTRStructInit                       0x08003acd   Thumb Code    40  stm32f10x_tim.o(.text)
    TIM_Cmd                                  0x08003af5   Thumb Code    24  stm32f10x_tim.o(.text)
    TIM_CtrlPWMOutputs                       0x08003b0d   Thumb Code    30  stm32f10x_tim.o(.text)
    TIM_ITConfig                             0x08003b2b   Thumb Code    18  stm32f10x_tim.o(.text)
    TIM_GenerateEvent                        0x08003b3d   Thumb Code     4  stm32f10x_tim.o(.text)
    TIM_DMAConfig                            0x08003b41   Thumb Code    10  stm32f10x_tim.o(.text)
    TIM_DMACmd                               0x08003b4b   Thumb Code    18  stm32f10x_tim.o(.text)
    TIM_InternalClockConfig                  0x08003b5d   Thumb Code    12  stm32f10x_tim.o(.text)
    TIM_SelectInputTrigger                   0x08003b69   Thumb Code    18  stm32f10x_tim.o(.text)
    TIM_ITRxExternalClockConfig              0x08003b7b   Thumb Code    24  stm32f10x_tim.o(.text)
    TIM_TIxExternalClockConfig               0x08003b93   Thumb Code    62  stm32f10x_tim.o(.text)
    TIM_ETRConfig                            0x08003bd1   Thumb Code    28  stm32f10x_tim.o(.text)
    TIM_ETRClockMode1Config                  0x08003bed   Thumb Code    54  stm32f10x_tim.o(.text)
    TIM_ETRClockMode2Config                  0x08003c23   Thumb Code    32  stm32f10x_tim.o(.text)
    TIM_PrescalerConfig                      0x08003c43   Thumb Code     6  stm32f10x_tim.o(.text)
    TIM_CounterModeConfig                    0x08003c49   Thumb Code    18  stm32f10x_tim.o(.text)
    TIM_EncoderInterfaceConfig               0x08003c5b   Thumb Code    66  stm32f10x_tim.o(.text)
    TIM_ForcedOC1Config                      0x08003c9d   Thumb Code    18  stm32f10x_tim.o(.text)
    TIM_ForcedOC2Config                      0x08003caf   Thumb Code    26  stm32f10x_tim.o(.text)
    TIM_ForcedOC3Config                      0x08003cc9   Thumb Code    18  stm32f10x_tim.o(.text)
    TIM_ForcedOC4Config                      0x08003cdb   Thumb Code    26  stm32f10x_tim.o(.text)
    TIM_ARRPreloadConfig                     0x08003cf5   Thumb Code    24  stm32f10x_tim.o(.text)
    TIM_SelectCOM                            0x08003d0d   Thumb Code    24  stm32f10x_tim.o(.text)
    TIM_SelectCCDMA                          0x08003d25   Thumb Code    24  stm32f10x_tim.o(.text)
    TIM_CCPreloadControl                     0x08003d3d   Thumb Code    24  stm32f10x_tim.o(.text)
    TIM_OC1PreloadConfig                     0x08003d55   Thumb Code    18  stm32f10x_tim.o(.text)
    TIM_OC2PreloadConfig                     0x08003d67   Thumb Code    26  stm32f10x_tim.o(.text)
    TIM_OC3PreloadConfig                     0x08003d81   Thumb Code    18  stm32f10x_tim.o(.text)
    TIM_OC4PreloadConfig                     0x08003d93   Thumb Code    26  stm32f10x_tim.o(.text)
    TIM_OC1FastConfig                        0x08003dad   Thumb Code    18  stm32f10x_tim.o(.text)
    TIM_OC2FastConfig                        0x08003dbf   Thumb Code    26  stm32f10x_tim.o(.text)
    TIM_OC3FastConfig                        0x08003dd9   Thumb Code    18  stm32f10x_tim.o(.text)
    TIM_OC4FastConfig                        0x08003deb   Thumb Code    26  stm32f10x_tim.o(.text)
    TIM_ClearOC1Ref                          0x08003e05   Thumb Code    18  stm32f10x_tim.o(.text)
    TIM_ClearOC2Ref                          0x08003e17   Thumb Code    24  stm32f10x_tim.o(.text)
    TIM_ClearOC3Ref                          0x08003e2f   Thumb Code    18  stm32f10x_tim.o(.text)
    TIM_ClearOC4Ref                          0x08003e41   Thumb Code    24  stm32f10x_tim.o(.text)
    TIM_OC1PolarityConfig                    0x08003e59   Thumb Code    18  stm32f10x_tim.o(.text)
    TIM_OC1NPolarityConfig                   0x08003e6b   Thumb Code    18  stm32f10x_tim.o(.text)
    TIM_OC2PolarityConfig                    0x08003e7d   Thumb Code    26  stm32f10x_tim.o(.text)
    TIM_OC2NPolarityConfig                   0x08003e97   Thumb Code    26  stm32f10x_tim.o(.text)
    TIM_OC3PolarityConfig                    0x08003eb1   Thumb Code    26  stm32f10x_tim.o(.text)
    TIM_OC3NPolarityConfig                   0x08003ecb   Thumb Code    26  stm32f10x_tim.o(.text)
    TIM_OC4PolarityConfig                    0x08003ee5   Thumb Code    26  stm32f10x_tim.o(.text)
    TIM_CCxCmd                               0x08003eff   Thumb Code    30  stm32f10x_tim.o(.text)
    TIM_CCxNCmd                              0x08003f1d   Thumb Code    30  stm32f10x_tim.o(.text)
    TIM_SelectOCxM                           0x08003f3b   Thumb Code    82  stm32f10x_tim.o(.text)
    TIM_UpdateDisableConfig                  0x08003f8d   Thumb Code    24  stm32f10x_tim.o(.text)
    TIM_UpdateRequestConfig                  0x08003fa5   Thumb Code    24  stm32f10x_tim.o(.text)
    TIM_SelectHallSensor                     0x08003fbd   Thumb Code    24  stm32f10x_tim.o(.text)
    TIM_SelectOnePulseMode                   0x08003fd5   Thumb Code    18  stm32f10x_tim.o(.text)
    TIM_SelectOutputTrigger                  0x08003fe7   Thumb Code    18  stm32f10x_tim.o(.text)
    TIM_SelectSlaveMode                      0x08003ff9   Thumb Code    18  stm32f10x_tim.o(.text)
    TIM_SelectMasterSlaveMode                0x0800400b   Thumb Code    18  stm32f10x_tim.o(.text)
    TIM_SetCounter                           0x0800401d   Thumb Code     4  stm32f10x_tim.o(.text)
    TIM_SetAutoreload                        0x08004021   Thumb Code     4  stm32f10x_tim.o(.text)
    TIM_SetCompare1                          0x08004025   Thumb Code     4  stm32f10x_tim.o(.text)
    TIM_SetCompare2                          0x08004029   Thumb Code     4  stm32f10x_tim.o(.text)
    TIM_SetCompare3                          0x0800402d   Thumb Code     4  stm32f10x_tim.o(.text)
    TIM_SetCompare4                          0x08004031   Thumb Code     6  stm32f10x_tim.o(.text)
    TIM_SetClockDivision                     0x08004037   Thumb Code    18  stm32f10x_tim.o(.text)
    TIM_GetCapture1                          0x08004049   Thumb Code     6  stm32f10x_tim.o(.text)
    TIM_GetCapture2                          0x0800404f   Thumb Code     6  stm32f10x_tim.o(.text)
    TIM_GetCapture3                          0x08004055   Thumb Code     6  stm32f10x_tim.o(.text)
    TIM_GetCapture4                          0x0800405b   Thumb Code     8  stm32f10x_tim.o(.text)
    TIM_GetCounter                           0x08004063   Thumb Code     6  stm32f10x_tim.o(.text)
    TIM_GetPrescaler                         0x08004069   Thumb Code     6  stm32f10x_tim.o(.text)
    TIM_GetFlagStatus                        0x0800406f   Thumb Code    18  stm32f10x_tim.o(.text)
    TIM_ClearFlag                            0x08004081   Thumb Code     6  stm32f10x_tim.o(.text)
    TIM_GetITStatus                          0x08004087   Thumb Code    34  stm32f10x_tim.o(.text)
    TIM_ClearITPendingBit                    0x080040a9   Thumb Code     6  stm32f10x_tim.o(.text)
    USART_DeInit                             0x080040b1   Thumb Code   134  stm32f10x_usart.o(.text)
    USART_Init                               0x08004137   Thumb Code   210  stm32f10x_usart.o(.text)
    USART_StructInit                         0x08004209   Thumb Code    24  stm32f10x_usart.o(.text)
    USART_ClockInit                          0x08004221   Thumb Code    34  stm32f10x_usart.o(.text)
    USART_ClockStructInit                    0x08004243   Thumb Code    12  stm32f10x_usart.o(.text)
    USART_Cmd                                0x0800424f   Thumb Code    24  stm32f10x_usart.o(.text)
    USART_ITConfig                           0x08004267   Thumb Code    74  stm32f10x_usart.o(.text)
    USART_DMACmd                             0x080042b1   Thumb Code    18  stm32f10x_usart.o(.text)
    USART_SetAddress                         0x080042c3   Thumb Code    18  stm32f10x_usart.o(.text)
    USART_WakeUpConfig                       0x080042d5   Thumb Code    18  stm32f10x_usart.o(.text)
    USART_ReceiverWakeUpCmd                  0x080042e7   Thumb Code    24  stm32f10x_usart.o(.text)
    USART_LINBreakDetectLengthConfig         0x080042ff   Thumb Code    18  stm32f10x_usart.o(.text)
    USART_LINCmd                             0x08004311   Thumb Code    24  stm32f10x_usart.o(.text)
    USART_SendData                           0x08004329   Thumb Code     8  stm32f10x_usart.o(.text)
    USART_ReceiveData                        0x08004331   Thumb Code    10  stm32f10x_usart.o(.text)
    USART_SendBreak                          0x0800433b   Thumb Code    10  stm32f10x_usart.o(.text)
    USART_SetGuardTime                       0x08004345   Thumb Code    16  stm32f10x_usart.o(.text)
    USART_SetPrescaler                       0x08004355   Thumb Code    16  stm32f10x_usart.o(.text)
    USART_SmartCardCmd                       0x08004365   Thumb Code    24  stm32f10x_usart.o(.text)
    USART_SmartCardNACKCmd                   0x0800437d   Thumb Code    24  stm32f10x_usart.o(.text)
    USART_HalfDuplexCmd                      0x08004395   Thumb Code    24  stm32f10x_usart.o(.text)
    USART_OverSampling8Cmd                   0x080043ad   Thumb Code    22  stm32f10x_usart.o(.text)
    USART_OneBitMethodCmd                    0x080043c3   Thumb Code    24  stm32f10x_usart.o(.text)
    USART_IrDAConfig                         0x080043db   Thumb Code    18  stm32f10x_usart.o(.text)
    USART_IrDACmd                            0x080043ed   Thumb Code    24  stm32f10x_usart.o(.text)
    USART_GetFlagStatus                      0x08004405   Thumb Code    26  stm32f10x_usart.o(.text)
    USART_ClearFlag                          0x0800441f   Thumb Code    18  stm32f10x_usart.o(.text)
    USART_GetITStatus                        0x08004431   Thumb Code    84  stm32f10x_usart.o(.text)
    USART_ClearITPendingBit                  0x08004485   Thumb Code    52  stm32f10x_usart.o(.text)
    Reset_Handler                            0x080044b9   Thumb Code     8  startup_stm32f10x_md.o(.text)
    ADC1_2_IRQHandler                        0x080044d3   Thumb Code     0  startup_stm32f10x_md.o(.text)
    CAN1_RX1_IRQHandler                      0x080044d3   Thumb Code     0  startup_stm32f10x_md.o(.text)
    CAN1_SCE_IRQHandler                      0x080044d3   Thumb Code     0  startup_stm32f10x_md.o(.text)
    DMA1_Channel1_IRQHandler                 0x080044d3   Thumb Code     0  startup_stm32f10x_md.o(.text)
    DMA1_Channel2_IRQHandler                 0x080044d3   Thumb Code     0  startup_stm32f10x_md.o(.text)
    DMA1_Channel3_IRQHandler                 0x080044d3   Thumb Code     0  startup_stm32f10x_md.o(.text)
    DMA1_Channel4_IRQHandler                 0x080044d3   Thumb Code     0  startup_stm32f10x_md.o(.text)
    DMA1_Channel5_IRQHandler                 0x080044d3   Thumb Code     0  startup_stm32f10x_md.o(.text)
    DMA1_Channel6_IRQHandler                 0x080044d3   Thumb Code     0  startup_stm32f10x_md.o(.text)
    DMA1_Channel7_IRQHandler                 0x080044d3   Thumb Code     0  startup_stm32f10x_md.o(.text)
    EXTI0_IRQHandler                         0x080044d3   Thumb Code     0  startup_stm32f10x_md.o(.text)
    EXTI15_10_IRQHandler                     0x080044d3   Thumb Code     0  startup_stm32f10x_md.o(.text)
    EXTI1_IRQHandler                         0x080044d3   Thumb Code     0  startup_stm32f10x_md.o(.text)
    EXTI2_IRQHandler                         0x080044d3   Thumb Code     0  startup_stm32f10x_md.o(.text)
    EXTI3_IRQHandler                         0x080044d3   Thumb Code     0  startup_stm32f10x_md.o(.text)
    EXTI4_IRQHandler                         0x080044d3   Thumb Code     0  startup_stm32f10x_md.o(.text)
    EXTI9_5_IRQHandler                       0x080044d3   Thumb Code     0  startup_stm32f10x_md.o(.text)
    FLASH_IRQHandler                         0x080044d3   Thumb Code     0  startup_stm32f10x_md.o(.text)
    I2C1_ER_IRQHandler                       0x080044d3   Thumb Code     0  startup_stm32f10x_md.o(.text)
    I2C1_EV_IRQHandler                       0x080044d3   Thumb Code     0  startup_stm32f10x_md.o(.text)
    I2C2_ER_IRQHandler                       0x080044d3   Thumb Code     0  startup_stm32f10x_md.o(.text)
    I2C2_EV_IRQHandler                       0x080044d3   Thumb Code     0  startup_stm32f10x_md.o(.text)
    PVD_IRQHandler                           0x080044d3   Thumb Code     0  startup_stm32f10x_md.o(.text)
    RCC_IRQHandler                           0x080044d3   Thumb Code     0  startup_stm32f10x_md.o(.text)
    RTCAlarm_IRQHandler                      0x080044d3   Thumb Code     0  startup_stm32f10x_md.o(.text)
    RTC_IRQHandler                           0x080044d3   Thumb Code     0  startup_stm32f10x_md.o(.text)
    SPI1_IRQHandler                          0x080044d3   Thumb Code     0  startup_stm32f10x_md.o(.text)
    SPI2_IRQHandler                          0x080044d3   Thumb Code     0  startup_stm32f10x_md.o(.text)
    TAMPER_IRQHandler                        0x080044d3   Thumb Code     0  startup_stm32f10x_md.o(.text)
    TIM1_BRK_IRQHandler                      0x080044d3   Thumb Code     0  startup_stm32f10x_md.o(.text)
    TIM1_CC_IRQHandler                       0x080044d3   Thumb Code     0  startup_stm32f10x_md.o(.text)
    TIM1_TRG_COM_IRQHandler                  0x080044d3   Thumb Code     0  startup_stm32f10x_md.o(.text)
    TIM1_UP_IRQHandler                       0x080044d3   Thumb Code     0  startup_stm32f10x_md.o(.text)
    TIM4_IRQHandler                          0x080044d3   Thumb Code     0  startup_stm32f10x_md.o(.text)
    USART2_IRQHandler                        0x080044d3   Thumb Code     0  startup_stm32f10x_md.o(.text)
    USART3_IRQHandler                        0x080044d3   Thumb Code     0  startup_stm32f10x_md.o(.text)
    USBWakeUp_IRQHandler                     0x080044d3   Thumb Code     0  startup_stm32f10x_md.o(.text)
    USB_HP_CAN1_TX_IRQHandler                0x080044d3   Thumb Code     0  startup_stm32f10x_md.o(.text)
    USB_LP_CAN1_RX0_IRQHandler               0x080044d3   Thumb Code     0  startup_stm32f10x_md.o(.text)
    WWDG_IRQHandler                          0x080044d3   Thumb Code     0  startup_stm32f10x_md.o(.text)
    check_sum                                0x080044dd   Thumb Code    28  protocol.o(.text)
    protocol_data_recv                       0x080047e7   Thumb Code    46  protocol.o(.text)
    protocol_init                            0x08004815   Thumb Code    20  protocol.o(.text)
    usart1_senddata                          0x08004829   Thumb Code    42  protocol.o(.text)
    set_computer_value                       0x08004853   Thumb Code   102  protocol.o(.text)
    receiving_process                        0x080048b9   Thumb Code   378  protocol.o(.text)
    MSD_ENA                                  0x08004a39   Thumb Code    32  bsp_stepper_ctrl.o(.text)
    Set_Stepper_Stop                         0x08004a59   Thumb Code    14  bsp_stepper_ctrl.o(.text)
    Set_Stepper_Start                        0x08004a67   Thumb Code    36  bsp_stepper_ctrl.o(.text)
    Set_Stepper_Dir                          0x08004a8b   Thumb Code    22  bsp_stepper_ctrl.o(.text)
    Stepper_Speed_Ctrl                       0x08004aa1   Thumb Code   220  bsp_stepper_ctrl.o(.text)
    __aeabi_memcpy                           0x08004b9d   Thumb Code    36  memcpya.o(.text)
    __aeabi_memcpy4                          0x08004b9d   Thumb Code     0  memcpya.o(.text)
    __aeabi_memcpy8                          0x08004b9d   Thumb Code     0  memcpya.o(.text)
    __aeabi_fadd                             0x08004bc1   Thumb Code   164  fadd.o(.text)
    __aeabi_fsub                             0x08004c65   Thumb Code     6  fadd.o(.text)
    __aeabi_frsub                            0x08004c6b   Thumb Code     6  fadd.o(.text)
    __aeabi_fmul                             0x08004c71   Thumb Code   100  fmul.o(.text)
    __aeabi_fdiv                             0x08004cd5   Thumb Code   124  fdiv.o(.text)
    __aeabi_ddiv                             0x08004d51   Thumb Code   222  ddiv.o(.text)
    __aeabi_i2f                              0x08004e2f   Thumb Code    18  fflti.o(.text)
    __aeabi_ui2f                             0x08004e41   Thumb Code    10  ffltui.o(.text)
    __aeabi_ui2d                             0x08004e4b   Thumb Code    26  dfltui.o(.text)
    __aeabi_f2iz                             0x08004e65   Thumb Code    50  ffixi.o(.text)
    __aeabi_f2uiz                            0x08004e97   Thumb Code    40  ffixui.o(.text)
    __aeabi_d2iz                             0x08004ebf   Thumb Code    62  dfixi.o(.text)
    __aeabi_cfrcmple                         0x08004efd   Thumb Code    20  cfrcmple.o(.text)
    __aeabi_llsr                             0x08004f11   Thumb Code    32  llushr.o(.text)
    _ll_ushift_r                             0x08004f11   Thumb Code     0  llushr.o(.text)
    __I$use$fp                               0x08004f31   Thumb Code     0  iusefp.o(.text)
    _float_round                             0x08004f31   Thumb Code    18  fepilogue.o(.text)
    _float_epilogue                          0x08004f43   Thumb Code    92  fepilogue.o(.text)
    _double_round                            0x08004f9f   Thumb Code    30  depilogue.o(.text)
    _double_epilogue                         0x08004fbd   Thumb Code   156  depilogue.o(.text)
    __scatterload                            0x08005059   Thumb Code    28  init.o(.text)
    __scatterload_rt2                        0x08005059   Thumb Code     0  init.o(.text)
    __aeabi_llsl                             0x0800507d   Thumb Code    30  llshl.o(.text)
    _ll_shift_l                              0x0800507d   Thumb Code     0  llshl.o(.text)
    __decompress                             0x0800509b   Thumb Code     0  __dczerorl2.o(.text)
    __decompress1                            0x0800509b   Thumb Code    86  __dczerorl2.o(.text)
    __scatterload_copy                       0x080050f1   Thumb Code    14  handlers.o(i.__scatterload_copy)
    __scatterload_null                       0x080050ff   Thumb Code     2  handlers.o(i.__scatterload_null)
    __scatterload_zeroinit                   0x08005101   Thumb Code    14  handlers.o(i.__scatterload_zeroinit)
    F6x8                                     0x0800510e   Data         552  oled.o(.constdata)
    F8X16                                    0x08005336   Data        1520  oled.o(.constdata)
    auchCRCHi                                0x08005926   Data         256  modbus.o(.constdata)
    auchCRCLo                                0x08005a26   Data         256  modbus.o(.constdata)
    Region$$Table$$Base                      0x08005b28   Number         0  anon$$obj.o(Region$$Table)
    Region$$Table$$Limit                     0x08005b48   Number         0  anon$$obj.o(Region$$Table)
    XTARGET                                  0x20000000   Data           4  main.o(.data)
    Function_Selection                       0x20000004   Data           1  main.o(.data)
    motor_step                               0x20000008   Data           4  main.o(.data)
    motor_speed                              0x2000000c   Data           4  main.o(.data)
    encoder_step                             0x20000010   Data           4  main.o(.data)
    f_value                                  0x20000014   Data           4  main.o(.data)
    f                                        0x20000018   Data           4  main.o(.data)
    baudRate_Selection                       0x2000001c   Data           2  main.o(.data)
    save_parm_bit                            0x2000001e   Data           1  main.o(.data)
    UART_addr                                0x2000001f   Data           1  main.o(.data)
    KeyState                                 0x20000020   Data           1  bsp_key.o(.data)
    g_KeyActionFlag                          0x20000021   Data           1  bsp_key.o(.data)
    g_Key                                    0x20000022   Data           1  bsp_key.o(.data)
    leat_driver_current                      0x20000028   Data           2  tmc5160.o(.data)
    leat_xi_fen                              0x2000002a   Data           2  tmc5160.o(.data)
    STATUS                                   0x2000002c   Data           2  tmc5160.o(.data)
    Spi_Status                               0x2000002e   Data           1  tmc5160.o(.data)
    ReadPosition                             0x20000030   Data           4  tmc5160.o(.data)
    PositionData                             0x20000034   Data           4  tmc5160.o(.data)
    ENC_DATA                                 0x20000038   Data           4  tmc5160.o(.data)
    Hzk                                      0x20000058   Data         896  oled.o(.data)
    ReadAngle_init                           0x200003d8   Data           2  tle5012b.o(.data)
    TLE5012B_Aangle                          0x200003dc   Data           4  tle5012b.o(.data)
    testCoil                                 0x200003e8   Data           1  modbus.o(.data)
    testRegister                             0x200003ea   Data           2  modbus.o(.data)
    localAddr                                0x200003ec   Data           1  modbus.o(.data)
    sendCount                                0x200003ed   Data           1  modbus.o(.data)
    receCount                                0x200003ee   Data           1  modbus.o(.data)
    sendPosi                                 0x200003ef   Data           1  modbus.o(.data)
    UARTU1_RX_bit                            0x200003f0   Data           1  modbus.o(.data)
    UARTU1_TX_bit                            0x200003f1   Data           1  modbus.o(.data)
    dwTickCount                              0x200003f4   Data           4  modbus.o(.data)
    dwIntTick                                0x200003f8   Data           4  modbus.o(.data)
    checkoutError                            0x200003fc   Data           1  modbus.o(.data)
    receTimeOut                              0x200003fe   Data           2  modbus.o(.data)
    c10ms                                    0x20000400   Data           1  modbus.o(.data)
    SystemCoreClock                          0x20000404   Data           4  system_stm32f10x.o(.data)
    AHBPrescTable                            0x20000408   Data          16  system_stm32f10x.o(.data)
    sys_status                               0x2000042c   Data           1  bsp_stepper_ctrl.o(.data)
    sys_param_1                              0x2000043c   Data         256  main.o(.bss)
    Display_String                           0x2000053c   Data          20  main.o(.bss)
    sendBuf                                  0x20000550   Data         256  modbus.o(.bss)
    receBuf                                  0x20000650   Data         256  modbus.o(.bss)
    Bit_BianLiang                            0x20000750   Data          32  modbus.o(.bss)
    pid                                      0x20000770   Data          32  bsp_pid.o(.bss)
    __initial_sp                             0x20000c28   Data           0  startup_stm32f10x_md.o(STACK)



==============================================================================

Memory Map of the image

  Image Entry point : 0x080000ed

  Load Region LR_IROM1 (Base: 0x08000000, Size: 0x00005f84, Max: 0x00010000, ABSOLUTE, COMPRESSED[0x00005cd8])

    Execution Region ER_IROM1 (Exec base: 0x08000000, Load base: 0x08000000, Size: 0x00005b48, Max: 0x00010000, ABSOLUTE)

    Exec Addr    Load Addr    Size         Type   Attr      Idx    E Section Name        Object

    0x08000000   0x08000000   0x000000ec   Data   RO          673    RESET               startup_stm32f10x_md.o
    0x080000ec   0x080000ec   0x00000000   Code   RO          736  * .ARM.Collect$$$$00000000  mc_w.l(entry.o)
    0x080000ec   0x080000ec   0x00000004   Code   RO          765    .ARM.Collect$$$$00000001  mc_w.l(entry2.o)
    0x080000f0   0x080000f0   0x00000004   Code   RO          768    .ARM.Collect$$$$00000004  mc_w.l(entry5.o)
    0x080000f4   0x080000f4   0x00000000   Code   RO          770    .ARM.Collect$$$$00000008  mc_w.l(entry7b.o)
    0x080000f4   0x080000f4   0x00000000   Code   RO          772    .ARM.Collect$$$$0000000A  mc_w.l(entry8b.o)
    0x080000f4   0x080000f4   0x00000008   Code   RO          773    .ARM.Collect$$$$0000000B  mc_w.l(entry9a.o)
    0x080000fc   0x080000fc   0x00000004   Code   RO          780    .ARM.Collect$$$$0000000E  mc_w.l(entry12b.o)
    0x08000100   0x08000100   0x00000000   Code   RO          775    .ARM.Collect$$$$0000000F  mc_w.l(entry10a.o)
    0x08000100   0x08000100   0x00000000   Code   RO          777    .ARM.Collect$$$$00000011  mc_w.l(entry11a.o)
    0x08000100   0x08000100   0x00000004   Code   RO          766    .ARM.Collect$$$$00002712  mc_w.l(entry2.o)
    0x08000104   0x08000104   0x00000128   Code   RO            1    .text               main.o
    0x0800022c   0x0800022c   0x00000058   Code   RO          172    .text               stm32f10x_it.o
    0x08000284   0x08000284   0x00000298   Code   RO          207    .text               bsp_key.o
    0x0800051c   0x0800051c   0x000000e0   Code   RO          223    .text               bsp_timer.o
    0x080005fc   0x080005fc   0x00000a88   Code   RO          235    .text               tmc5160.o
    0x08001084   0x08001084   0x00000110   Code   RO          254    .text               init_program_tabl.o
    0x08001194   0x08001194   0x00000388   Code   RO          266    .text               io_control.o
    0x0800151c   0x0800151c   0x000005ec   Code   RO          278    .text               oled.o
    0x08001b08   0x08001b08   0x0000005e   Code   RO          297    .text               delay.o
    0x08001b66   0x08001b66   0x00000002   PAD
    0x08001b68   0x08001b68   0x00000310   Code   RO          309    .text               tle5012b.o
    0x08001e78   0x08001e78   0x0000065c   Code   RO          327    .text               modbus.o
    0x080024d4   0x080024d4   0x000000f8   Code   RO          348    .text               bsp_pid.o
    0x080025cc   0x080025cc   0x000001e0   Code   RO          375    .text               system_stm32f10x.o
    0x080027ac   0x080027ac   0x000000dc   Code   RO          393    .text               misc.o
    0x08002888   0x08002888   0x0000035c   Code   RO          537    .text               stm32f10x_gpio.o
    0x08002be4   0x08002be4   0x000003a4   Code   RO          585    .text               stm32f10x_rcc.o
    0x08002f88   0x08002f88   0x0000030c   Code   RO          623    .text               stm32f10x_spi.o
    0x08003294   0x08003294   0x00000e1a   Code   RO          635    .text               stm32f10x_tim.o
    0x080040ae   0x080040ae   0x00000002   PAD
    0x080040b0   0x080040b0   0x00000408   Code   RO          647    .text               stm32f10x_usart.o
    0x080044b8   0x080044b8   0x00000024   Code   RO          674    .text               startup_stm32f10x_md.o
    0x080044dc   0x080044dc   0x0000055c   Code   RO          678    .text               protocol.o
    0x08004a38   0x08004a38   0x00000164   Code   RO          713    .text               bsp_stepper_ctrl.o
    0x08004b9c   0x08004b9c   0x00000024   Code   RO          739    .text               mc_w.l(memcpya.o)
    0x08004bc0   0x08004bc0   0x000000b0   Code   RO          743    .text               mf_w.l(fadd.o)
    0x08004c70   0x08004c70   0x00000064   Code   RO          745    .text               mf_w.l(fmul.o)
    0x08004cd4   0x08004cd4   0x0000007c   Code   RO          747    .text               mf_w.l(fdiv.o)
    0x08004d50   0x08004d50   0x000000de   Code   RO          749    .text               mf_w.l(ddiv.o)
    0x08004e2e   0x08004e2e   0x00000012   Code   RO          751    .text               mf_w.l(fflti.o)
    0x08004e40   0x08004e40   0x0000000a   Code   RO          753    .text               mf_w.l(ffltui.o)
    0x08004e4a   0x08004e4a   0x0000001a   Code   RO          755    .text               mf_w.l(dfltui.o)
    0x08004e64   0x08004e64   0x00000032   Code   RO          757    .text               mf_w.l(ffixi.o)
    0x08004e96   0x08004e96   0x00000028   Code   RO          759    .text               mf_w.l(ffixui.o)
    0x08004ebe   0x08004ebe   0x0000003e   Code   RO          761    .text               mf_w.l(dfixi.o)
    0x08004efc   0x08004efc   0x00000014   Code   RO          763    .text               mf_w.l(cfrcmple.o)
    0x08004f10   0x08004f10   0x00000020   Code   RO          781    .text               mc_w.l(llushr.o)
    0x08004f30   0x08004f30   0x00000000   Code   RO          783    .text               mc_w.l(iusefp.o)
    0x08004f30   0x08004f30   0x0000006e   Code   RO          784    .text               mf_w.l(fepilogue.o)
    0x08004f9e   0x08004f9e   0x000000ba   Code   RO          786    .text               mf_w.l(depilogue.o)
    0x08005058   0x08005058   0x00000024   Code   RO          788    .text               mc_w.l(init.o)
    0x0800507c   0x0800507c   0x0000001e   Code   RO          790    .text               mc_w.l(llshl.o)
    0x0800509a   0x0800509a   0x00000056   Code   RO          800    .text               mc_w.l(__dczerorl2.o)
    0x080050f0   0x080050f0   0x0000000e   Code   RO          794    i.__scatterload_copy  mc_w.l(handlers.o)
    0x080050fe   0x080050fe   0x00000002   Code   RO          795    i.__scatterload_null  mc_w.l(handlers.o)
    0x08005100   0x08005100   0x0000000e   Code   RO          796    i.__scatterload_zeroinit  mc_w.l(handlers.o)
    0x0800510e   0x0800510e   0x00000818   Data   RO          279    .constdata          oled.o
    0x08005926   0x08005926   0x00000200   Data   RO          329    .constdata          modbus.o
    0x08005b26   0x08005b26   0x00000002   PAD
    0x08005b28   0x08005b28   0x00000020   Data   RO          792    Region$$Table       anon$$obj.o


    Execution Region RW_IRAM1 (Exec base: 0x20000000, Load base: 0x08005b48, Size: 0x00000c28, Max: 0x00005000, ABSOLUTE, COMPRESSED[0x00000190])

    Exec Addr    Load Addr    Size         Type   Attr      Idx    E Section Name        Object

    0x20000000   COMPRESSED   0x00000020   Data   RW            3    .data               main.o
    0x20000020   COMPRESSED   0x00000008   Data   RW          208    .data               bsp_key.o
    0x20000028   COMPRESSED   0x00000030   Data   RW          236    .data               tmc5160.o
    0x20000058   COMPRESSED   0x00000380   Data   RW          280    .data               oled.o
    0x200003d8   COMPRESSED   0x00000010   Data   RW          310    .data               tle5012b.o
    0x200003e8   COMPRESSED   0x00000019   Data   RW          330    .data               modbus.o
    0x20000401   COMPRESSED   0x00000003   PAD
    0x20000404   COMPRESSED   0x00000014   Data   RW          376    .data               system_stm32f10x.o
    0x20000418   COMPRESSED   0x00000014   Data   RW          586    .data               stm32f10x_rcc.o
    0x2000042c   COMPRESSED   0x0000000e   Data   RW          714    .data               bsp_stepper_ctrl.o
    0x2000043a   COMPRESSED   0x00000002   PAD
    0x2000043c        -       0x00000114   Zero   RW            2    .bss                main.o
    0x20000550        -       0x00000220   Zero   RW          328    .bss                modbus.o
    0x20000770        -       0x00000020   Zero   RW          349    .bss                bsp_pid.o
    0x20000790        -       0x00000096   Zero   RW          679    .bss                protocol.o
    0x20000826   COMPRESSED   0x00000002   PAD
    0x20000828        -       0x00000400   Zero   RW          671    STACK               startup_stm32f10x_md.o


==============================================================================

Image component sizes


      Code (inc. data)   RO Data    RW Data    ZI Data      Debug   Object Name

       664         36          0          8          0       1531   bsp_key.o
       248         10          0          0         32       1688   bsp_pid.o
       356         32          0         14          0       2365   bsp_stepper_ctrl.o
       224          4          0          0          0        911   bsp_timer.o
         0          0          0          0          0         32   core_cm3.o
        94          0          0          0          0        896   delay.o
       272          4          0          0          0        737   init_program_tabl.o
       904         18          0          0          0       1051   io_control.o
       296         40          0         32        276     263885   main.o
       220         22          0          0          0       1877   misc.o
      1628         96        512         25        544       6457   modbus.o
      1516         22       2072        896          0       6499   oled.o
      1372         26          0          0        150       5908   protocol.o
        36          8        236          0       1024        856   startup_stm32f10x_md.o
       860         38          0          0          0       5805   stm32f10x_gpio.o
        88          6          0          0          0       1562   stm32f10x_it.o
       932         36          0         20          0       9012   stm32f10x_rcc.o
       780         14          0          0          0       6690   stm32f10x_spi.o
      3610         88          0          0          0      22916   stm32f10x_tim.o
      1032         22          0          0          0       8532   stm32f10x_usart.o
       480         38          0         20          0       1955   system_stm32f10x.o
       784         22          0         16          0       2554   tle5012b.o
      2696        188          0         48          0       5724   tmc5160.o

    ----------------------------------------------------------------------
     19096        770       2854       1084       2028     359443   Object Totals
         0          0         32          0          0          0   (incl. Generated)
         4          0          2          5          2          0   (incl. Padding)

    ----------------------------------------------------------------------

      Code (inc. data)   RO Data    RW Data    ZI Data      Debug   Library Member Name

        86          0          0          0          0          0   __dczerorl2.o
         0          0          0          0          0          0   entry.o
         0          0          0          0          0          0   entry10a.o
         0          0          0          0          0          0   entry11a.o
         4          0          0          0          0          0   entry12b.o
         8          4          0          0          0          0   entry2.o
         4          0          0          0          0          0   entry5.o
         0          0          0          0          0          0   entry7b.o
         0          0          0          0          0          0   entry8b.o
         8          4          0          0          0          0   entry9a.o
        30          0          0          0          0          0   handlers.o
        36          8          0          0          0         68   init.o
         0          0          0          0          0          0   iusefp.o
        30          0          0          0          0         68   llshl.o
        32          0          0          0          0         68   llushr.o
        36          0          0          0          0         68   memcpya.o
        20          0          0          0          0         68   cfrcmple.o
       222          0          0          0          0        100   ddiv.o
       186          0          0          0          0        176   depilogue.o
        62          0          0          0          0         80   dfixi.o
        26          0          0          0          0         76   dfltui.o
       176          0          0          0          0        140   fadd.o
       124          0          0          0          0         88   fdiv.o
       110          0          0          0          0        168   fepilogue.o
        50          0          0          0          0         68   ffixi.o
        40          0          0          0          0         68   ffixui.o
        18          0          0          0          0         68   fflti.o
        10          0          0          0          0         68   ffltui.o
       100          0          0          0          0         76   fmul.o

    ----------------------------------------------------------------------
      1418         16          0          0          0       1516   Library Totals
         0          0          0          0          0          0   (incl. Padding)

    ----------------------------------------------------------------------

      Code (inc. data)   RO Data    RW Data    ZI Data      Debug   Library Name

       274         16          0          0          0        272   mc_w.l
      1144          0          0          0          0       1244   mf_w.l

    ----------------------------------------------------------------------
      1418         16          0          0          0       1516   Library Totals

    ----------------------------------------------------------------------

==============================================================================


      Code (inc. data)   RO Data    RW Data    ZI Data      Debug   

     20514        786       2854       1084       2028     358383   Grand Totals
     20514        786       2854        400       2028     358383   ELF Image Totals (compressed)
     20514        786       2854        400          0          0   ROM Totals

==============================================================================

    Total RO  Size (Code + RO Data)                23368 (  22.82kB)
    Total RW  Size (RW Data + ZI Data)              3112 (   3.04kB)
    Total ROM Size (Code + RO Data + RW Data)      23768 (  23.21kB)

==============================================================================

